PI=3.14159
TAU=6.28319
E=2.71828
clamp=1
lerp=25
sign_pos=1
sign_neg=-1
sign_zero=0
min_f=2
max_f=7
pow_i=1024
contains=1
starts_with=1
ends_with=1
count_char=3
repeat=ababab
pad_left=007
pad_right=7..
trim_left=hi
trim_right=hi
trim=hi
str_reverse=cinoi
band=8
bor=14
bxor=6
shl=16
shr=64
bnot=-1
prec=3
